[0.030s][info][gc] Using G1
[0.192s][info][gc] GC(0) Pause Young (G1 Evacuation Pause) 4M->1M(10M) 1.778ms
[0.199s][info][gc] GC(1) Pause Young (G1 Evacuation Pause) 3M->2M(10M) 1.459ms
[0.204s][info][gc] GC(2) Pause Young (G1 Evacuation Pause) 4M->2M(10M) 1.051ms
[0.209s][info][gc] GC(3) Pause Young (G1 Evacuation Pause) 4M->3M(10M) 1.335ms
[0.216s][info][gc] GC(4) Pause Young (G1 Evacuation Pause) 5M->4M(13M) 1.668ms
[0.224s][info][gc] GC(5) Pause Young (G1 Evacuation Pause) 6M->4M(13M) 1.004ms
[0.229s][info][gc] GC(6) Pause Young (G1 Evacuation Pause) 6M->5M(13M) 0.906ms
[0.233s][info][gc] GC(7) Pause Young (G1 Evacuation Pause) 7M->6M(13M) 0.638ms
[0.236s][info][gc] GC(8) Pause Initial Mark (G1 Evacuation Pause) 7M->6M(18M) 0.657ms
[0.236s][info][gc] GC(9) Concurrent Cycle
[0.241s][info][gc] GC(9) Pause Remark 8M->8M(18M) 1.132ms
[0.242s][info][gc] GC(9) Pause Cleanup 8M->8M(18M) 0.093ms
[0.242s][info][gc] GC(9) Concurrent Cycle 5.666ms
[0.247s][info][gc] GC(10) Pause Young (G1 Evacuation Pause) 9M->7M(18M) 0.965ms
[0.256s][info][gc] GC(11) Pause Young (G1 Evacuation Pause) 10M->8M(18M) 0.980ms
[0.265s][info][gc] GC(12) Pause Young (G1 Evacuation Pause) 11M->9M(18M) 1.146ms
[0.274s][info][gc] GC(13) Pause Initial Mark (G1 Evacuation Pause) 11M->10M(36M) 1.333ms
[0.274s][info][gc] GC(14) Concurrent Cycle
[0.281s][info][gc] GC(14) Pause Remark 11M->11M(36M) 0.998ms
[0.283s][info][gc] GC(14) Pause Cleanup 12M->12M(36M) 0.091ms
[0.283s][info][gc] GC(14) Concurrent Cycle 8.462ms
[0.314s][info][gc] GC(15) Pause Young (G1 Evacuation Pause) 17M->12M(36M) 1.386ms
[0.347s][info][gc] GC(16) Pause Young (G1 Evacuation Pause) 19M->15M(36M) 1.539ms
[0.379s][info][gc] GC(17) Pause Young (G1 Evacuation Pause) 21M->17M(36M) 1.778ms
[0.416s][info][gc] GC(18) Pause Initial Mark (G1 Evacuation Pause) 23M->19M(75M) 2.686ms
[0.416s][info][gc] GC(19) Concurrent Cycle
[0.429s][info][gc] GC(19) Pause Remark 21M->21M(75M) 1.076ms
[0.433s][info][gc] GC(19) Pause Cleanup 21M->21M(75M) 0.105ms
[0.433s][info][gc] GC(19) Concurrent Cycle 17.150ms
[0.553s][info][gc] GC(20) Pause Young (G1 Evacuation Pause) 35M->25M(75M) 3.536ms
[0.721s][info][gc] GC(21) Pause Young (G1 Evacuation Pause) 42M->31M(75M) 3.561ms
[0.917s][info][gc] GC(22) Pause Young (G1 Evacuation Pause) 47M->36M(75M) 3.263ms
[1.098s][info][gc] GC(23) Pause Initial Mark (G1 Evacuation Pause) 50M->42M(150M) 6.479ms
[1.098s][info][gc] GC(24) Concurrent Cycle
[1.120s][info][gc] GC(24) Pause Remark 43M->43M(150M) 1.072ms
[1.126s][info][gc] GC(24) Pause Cleanup 44M->44M(150M) 0.150ms
[1.127s][info][gc] GC(24) Concurrent Cycle 28.695ms
[1.629s][info][gc] GC(25) Pause Young (G1 Evacuation Pause) 76M->53M(150M) 7.428ms
[2.285s][info][gc] GC(26) Pause Young (G1 Evacuation Pause) 88M->66M(150M) 6.914ms
[2.988s][info][gc] GC(27) Pause Young (G1 Evacuation Pause) 98M->77M(150M) 7.448ms
[3.036s][info][gc] GC(28) Pause Initial Mark (G1 Humongous Allocation) 79M->79M(199M) 4.828ms
[3.036s][info][gc] GC(29) Concurrent Cycle
[3.081s][info][gc] GC(29) Pause Remark 82M->82M(199M) 1.050ms
[3.091s][info][gc] GC(29) Pause Cleanup 83M->83M(199M) 0.564ms
[3.091s][info][gc] GC(29) Concurrent Cycle 55.247ms
[4.554s][info][gc] GC(30) Pause Young (G1 Evacuation Pause) 118M->95M(199M) 10.410ms
[8.786s][info][gc] GC(31) Pause Initial Mark (G1 Humongous Allocation) 120M->119M(199M) 13.596ms
[8.787s][info][gc] GC(32) Concurrent Cycle
[8.847s][info][gc] GC(32) Pause Remark 120M->120M(199M) 2.624ms
[8.862s][info][gc] GC(32) Pause Cleanup 120M->120M(199M) 0.453ms
[8.862s][info][gc] GC(32) Concurrent Cycle 75.613ms
[13.625s][info][gc] GC(33) Pause Young (G1 Evacuation Pause) 142M->143M(199M) 10.970ms
[16.625s][info][gc] GC(34) Pause Initial Mark (G1 Evacuation Pause) 155M->157M(199M) 7.396ms
[16.625s][info][gc] GC(35) Concurrent Cycle
[16.697s][info][gc] GC(35) Pause Remark 157M->157M(199M) 2.824ms
[16.720s][info][gc] GC(35) Pause Cleanup 157M->156M(199M) 0.396ms
[16.720s][info][gc] GC(35) Concurrent Cycle 94.393ms
[18.506s][info][gc] GC(36) Pause Young (G1 Evacuation Pause) 163M->163M(199M) 4.522ms
[20.449s][info][gc] GC(37) Pause Mixed (G1 Evacuation Pause) 170M->169M(199M) 4.786ms
[22.492s][info][gc] GC(38) Pause Initial Mark (G1 Evacuation Pause) 176M->177M(199M) 5.057ms
[22.492s][info][gc] GC(39) Concurrent Cycle
[22.563s][info][gc] GC(39) Pause Remark 177M->177M(199M) 2.821ms
[22.586s][info][gc] GC(39) Pause Cleanup 179M->179M(199M) 0.509ms
[22.586s][info][gc] GC(39) Concurrent Cycle 94.206ms
[24.621s][info][gc] GC(40) Pause Young (G1 Evacuation Pause) 186M->186M(199M) 4.608ms
[26.813s][info][gc] GC(41) Pause Mixed (G1 Evacuation Pause) 193M->191M(204M) 5.567ms
[29.427s][info][gc] GC(42) Pause Initial Mark (G1 Evacuation Pause) 199M->199M(210M) 6.146ms
[29.427s][info][gc] GC(43) Concurrent Cycle
[29.511s][info][gc] GC(43) Pause Remark 200M->200M(210M) 2.970ms
[29.543s][info][gc] GC(43) Pause Cleanup 200M->199M(210M) 0.537ms
[29.544s][info][gc] GC(43) Concurrent Cycle 116.401ms
[32.210s][info][gc] GC(44) Pause Young (G1 Evacuation Pause) 206M->207M(218M) 6.615ms
[35.050s][info][gc] GC(45) Pause Mixed (G1 Evacuation Pause) 215M->214M(227M) 6.563ms
[36.507s][info][gc] GC(46) Pause Initial Mark (G1 Evacuation Pause) 223M->221M(232M) 5.089ms
[36.507s][info][gc] GC(47) Concurrent Cycle
[36.513s][info][gc] GC(47) Pause Remark 223M->223M(232M) 2.713ms
[36.515s][info][gc] GC(47) Pause Cleanup 224M->43M(232M) 0.496ms
[36.515s][info][gc] GC(47) Concurrent Cycle 8.639ms
[36.530s][info][gc] GC(48) Pause Young (G1 Evacuation Pause) 49M->43M(232M) 2.284ms
[36.561s][info][gc] GC(49) Pause Mixed (G1 Evacuation Pause) 52M->22M(232M) 2.486ms
[37.104s][info][gc] GC(50) Pause Initial Mark (G1 Evacuation Pause) 82M->42M(232M) 7.872ms
[37.104s][info][gc] GC(51) Concurrent Cycle
[37.118s][info][gc] GC(51) Pause Remark 43M->43M(232M) 2.623ms
[37.122s][info][gc] GC(51) Pause Cleanup 43M->43M(232M) 0.401ms
[37.123s][info][gc] GC(51) Concurrent Cycle 18.881ms
[40.974s][info][gc] GC(52) Pause Young (G1 Evacuation Pause) 103M->84M(232M) 13.969ms
[41.251s][info][gc] GC(53) Pause Mixed (G1 Evacuation Pause) 86M->88M(232M) 6.250ms
[41.442s][info][gc] GC(54) Pause Initial Mark (G1 Humongous Allocation) 89M->89M(232M) 2.661ms
[41.442s][info][gc] GC(55) Concurrent Cycle
[41.475s][info][gc] GC(55) Pause Remark 90M->90M(232M) 2.810ms
[41.485s][info][gc] GC(55) Pause Cleanup 90M->90M(232M) 0.170ms
[41.485s][info][gc] GC(55) Concurrent Cycle 42.860ms
[49.161s][info][gc] GC(56) Pause Young (G1 Evacuation Pause) 133M->132M(232M) 15.722ms
[50.301s][info][gc] GC(57) Pause Mixed (G1 Evacuation Pause) 137M->135M(232M) 6.688ms
[56.224s][info][gc] GC(58) Pause Initial Mark (G1 Evacuation Pause) 158M->159M(232M) 11.971ms
[56.224s][info][gc] GC(59) Concurrent Cycle
[56.285s][info][gc] GC(59) Pause Remark 159M->159M(232M) 3.016ms
[56.304s][info][gc] GC(59) Pause Cleanup 159M->158M(232M) 0.391ms
[56.304s][info][gc] GC(59) Concurrent Cycle 80.692ms
[60.593s][info][gc] GC(60) Pause Young (G1 Evacuation Pause) 173M->174M(232M) 8.886ms
[63.084s][info][gc] GC(61) Pause Mixed (G1 Evacuation Pause) 184M->183M(232M) 6.236ms
[66.017s][info][gc] GC(62) Pause Initial Mark (G1 Evacuation Pause) 192M->192M(232M) 5.983ms
[66.017s][info][gc] GC(63) Concurrent Cycle
[66.091s][info][gc] GC(63) Pause Remark 193M->193M(232M) 2.892ms
[66.115s][info][gc] GC(63) Pause Cleanup 193M->192M(232M) 0.414ms
[66.115s][info][gc] GC(63) Concurrent Cycle 98.261ms
[69.141s][info][gc] GC(64) Pause Young (G1 Evacuation Pause) 200M->201M(232M) 6.395ms
[72.374s][info][gc] GC(65) Pause Mixed (G1 Evacuation Pause) 210M->206M(232M) 7.046ms
[75.781s][info][gc] GC(66) Pause Initial Mark (G1 Evacuation Pause) 215M->215M(232M) 6.318ms
[75.781s][info][gc] GC(67) Concurrent Cycle
[75.870s][info][gc] GC(67) Pause Remark 216M->216M(232M) 3.006ms
[75.898s][info][gc] GC(67) Pause Cleanup 216M->216M(232M) 0.445ms
[75.898s][info][gc] GC(67) Concurrent Cycle 117.489ms
[77.319s][info][gc] GC(68) Pause Young (G1 Evacuation Pause) 224M->225M(237M) 5.685ms
[77.506s][info][gc] GC(69) Pause Mixed (G1 Evacuation Pause) 234M->233M(248M) 6.674ms
[77.884s][info][gc] GC(70) Pause Initial Mark (G1 Evacuation Pause) 243M->244M(256M) 5.475ms
[77.884s][info][gc] GC(71) Concurrent Cycle
[77.901s][info][gc] GC(71) Pause Remark 244M->244M(256M) 2.986ms
[77.905s][info][gc] GC(71) Pause Cleanup 244M->61M(256M) 0.461ms
[77.905s][info][gc] GC(71) Concurrent Cycle 21.058ms
[78.466s][info][gc] GC(72) Pause Young (G1 Evacuation Pause) 71M->71M(256M) 4.487ms
[79.241s][info][gc] GC(73) Pause Mixed (G1 Evacuation Pause) 81M->60M(256M) 4.428ms
[82.566s][info][gc] GC(74) Pause Initial Mark (G1 Humongous Allocation) 89M->90M(256M) 9.645ms
[82.566s][info][gc] GC(75) Concurrent Cycle
[82.600s][info][gc] GC(75) Pause Remark 92M->92M(256M) 3.147ms
[82.611s][info][gc] GC(75) Pause Cleanup 92M->92M(256M) 0.365ms
[82.612s][info][gc] GC(75) Concurrent Cycle 45.388ms
[90.594s][info][gc] GC(76) Pause Young (G1 Evacuation Pause) 135M->136M(256M) 18.176ms
[91.752s][info][gc] GC(77) Pause Mixed (G1 Evacuation Pause) 141M->140M(256M) 8.649ms
[98.821s][info][gc] GC(78) Pause Initial Mark (G1 Evacuation Pause) 167M->167M(256M) 12.677ms
[98.821s][info][gc] GC(79) Concurrent Cycle
[98.898s][info][gc] GC(79) Pause Remark 168M->168M(256M) 2.996ms
[98.918s][info][gc] GC(79) Pause Cleanup 168M->167M(256M) 0.443ms
[98.919s][info][gc] GC(79) Concurrent Cycle 97.662ms
[104.627s][info][gc] GC(80) Pause Young (G1 Evacuation Pause) 187M->188M(256M) 10.219ms
