Java HotSpot(TM) 64-Bit Server VM (25.171-b11) for windows-amd64 JRE (1.8.0_171-b11), built on Mar 28 2018 16:06:12 by "java_re" with MS VC++ 10.0 (VS2010)
Memory: 4k page, physical 16654924k(4119952k free), swap 23994956k(8557612k free)
CommandLine flags: -XX:InitialHeapSize=10485760 -XX:MaxHeapSize=1048576000 -XX:+PrintGC -XX:+PrintGCTimeStamps -XX:+UseCompressedClassPointers -XX:+UseCompressedOops -XX:-UseLargePagesIndividualAllocation -XX:+UseParallelGC 
0.282: [GC (Allocation Failure)  2048K->617K(9728K), 0.0009540 secs]
0.314: [GC (Allocation Failure)  2665K->1205K(9728K), 0.0009645 secs]
0.317: [GC (Allocation Failure)  3253K->1765K(9728K), 0.0009867 secs]
0.320: [GC (Allocation Failure)  3813K->2405K(11776K), 0.0009122 secs]
0.325: [GC (Allocation Failure)  6501K->3645K(11776K), 0.0012866 secs]
0.332: [GC (Allocation Failure)  7741K->4957K(16896K), 0.0009789 secs]
0.361: [GC (Allocation Failure)  12637K->7137K(17408K), 0.0015928 secs]
0.406: [GC (Allocation Failure)  14817K->9465K(25088K), 0.0018142 secs]
0.408: [Full GC (Ergonomics)  9465K->9114K(30208K), 0.0251318 secs]
0.542: [GC (Allocation Failure)  23450K->13352K(31232K), 0.0039277 secs]
0.699: [GC (Allocation Failure)  27688K->17644K(35840K), 0.0034761 secs]
0.702: [Full GC (Ergonomics)  17644K->17490K(43520K), 0.0440993 secs]
1.037: [GC (Allocation Failure)  34898K->22930K(45568K), 0.0063171 secs]
1.044: [Full GC (Ergonomics)  22930K->22634K(57344K), 0.0302197 secs]
1.370: [GC (Allocation Failure)  40042K->27901K(60928K), 0.0037733 secs]
1.781: [GC (Allocation Failure)  48381K->34030K(61952K), 0.0045425 secs]
2.288: [GC (Allocation Failure)  54510K->40278K(66560K), 0.0053709 secs]
2.293: [Full GC (Ergonomics)  40278K->39867K(82944K), 0.0440325 secs]
2.973: [GC (Allocation Failure)  61883K->46556K(84992K), 0.0065589 secs]
3.690: [GC (Allocation Failure)  68572K->53170K(86016K), 0.0065364 secs]
4.442: [GC (Allocation Failure)  73650K->59466K(90624K), 0.0055611 secs]
5.175: [GC (Allocation Failure)  79946K->65362K(90112K), 0.0062456 secs]
5.346: [GC (Allocation Failure)  82770K->70770K(101888K), 0.0074522 secs]
5.353: [Full GC (Ergonomics)  70770K->70067K(125440K), 0.0995490 secs]
5.626: [GC (Allocation Failure)  87475K->75659K(125440K), 0.0072702 secs]
5.819: [GC (Allocation Failure)  92555K->80651K(127488K), 0.0055446 secs]
6.015: [GC (Allocation Failure)  97547K->85611K(127488K), 0.0082494 secs]
6.190: [GC (Allocation Failure)  99947K->89867K(132096K), 0.0069871 secs]
6.372: [GC (Allocation Failure)  104203K->94123K(133120K), 0.0087731 secs]
6.517: [GC (Allocation Failure)  104875K->97291K(138752K), 0.0090438 secs]
6.670: [GC (Allocation Failure)  108043K->100491K(140288K), 0.0096568 secs]
6.769: [GC (Allocation Failure)  107147K->102379K(145920K), 0.0091538 secs]
6.882: [GC (Allocation Failure)  109035K->104363K(146432K), 0.0099152 secs]
6.929: [GC (Allocation Failure)  106923K->105131K(151552K), 0.0090784 secs]
6.974: [GC (Allocation Failure)  107691K->106059K(153088K), 0.0116014 secs]
7.042: [GC (Allocation Failure)  109643K->107211K(114176K), 0.0085216 secs]
7.050: [Full GC (Ergonomics)  107211K->106499K(143872K), 0.1141233 secs]
7.215: [GC (Allocation Failure)  110083K->107834K(178688K), 0.0124283 secs]
7.297: [GC (Allocation Failure)  112442K->109354K(180224K), 0.0062522 secs]
7.303: [Full GC (Ergonomics)  109354K->108915K(215552K), 0.0913997 secs]
7.461: [GC (Allocation Failure)  113523K->110398K(215552K), 0.0066416 secs]
7.534: [GC (Allocation Failure)  115518K->112335K(216064K), 0.0018389 secs]
7.612: [GC (Allocation Failure)  117455K->113839K(213504K), 0.0019636 secs]
7.921: [GC (Allocation Failure)  119471K->115567K(156672K), 0.0023713 secs]
8.485: [GC (Allocation Failure)  121199K->121231K(207872K), 0.0031588 secs]
9.125: [GC (Allocation Failure)  127375K->127343K(168960K), 0.0043691 secs]
9.792: [GC (Allocation Failure)  133487K->133487K(204288K), 0.0050542 secs]
10.575: [GC (Allocation Failure)  140143K->140175K(205824K), 0.0061740 secs]
11.381: [GC (Allocation Failure)  146831K->146863K(203776K), 0.0071590 secs]
11.791: [GC (Allocation Failure)  150959K->150183K(206848K), 0.0077987 secs]
11.934: [GC (Allocation Failure)  154279K->151663K(207360K), 0.0083705 secs]
11.976: [GC (Allocation Failure)  153199K->151991K(210432K), 0.0084330 secs]
12.023: [GC (Allocation Failure)  153527K->152463K(211456K), 0.0086739 secs]
12.062: [GC (Allocation Failure)  152975K->152631K(212992K), 0.0083146 secs]
12.086: [GC (Allocation Failure)  153143K->152774K(214528K), 0.0086298 secs]
12.108: [GC (Allocation Failure)  153286K->152909K(215040K), 0.0087400 secs]
12.129: [GC (Allocation Failure)  153421K->153151K(210944K), 0.0118472 secs]
12.177: [GC (Allocation Failure)  154175K->153343K(171008K), 0.0145322 secs]
12.225: [GC (Allocation Failure)  154367K->153655K(211456K), 0.0092968 secs]
12.235: [Full GC (Ergonomics)  153655K->152504K(248320K), 0.1998796 secs]
12.586: [GC (Allocation Failure)  154040K->153218K(248320K), 0.0104527 secs]
12.749: [GC (Allocation Failure)  154754K->153634K(249344K), 0.0012866 secs]
12.848: [GC (Allocation Failure)  154658K->153954K(250368K), 0.0019900 secs]
12.948: [GC (Allocation Failure)  154978K->154274K(248320K), 0.0013999 secs]
13.116: [GC (Allocation Failure)  155810K->155106K(184832K), 0.0017355 secs]
13.304: [GC (Allocation Failure)  156642K->156482K(244224K), 0.0022899 secs]
13.587: [GC (Allocation Failure)  158530K->158594K(188928K), 0.0026030 secs]
13.859: [GC (Allocation Failure)  160642K->160610K(238080K), 0.0034311 secs]
14.202: [GC (Allocation Failure)  163170K->163170K(194048K), 0.0046483 secs]
14.533: [GC (Allocation Failure)  165730K->165546K(230912K), 0.0051554 secs]
14.856: [GC (Allocation Failure)  167871K->167794K(199168K), 0.0051311 secs]
15.154: [GC (Allocation Failure)  170866K->170884K(227840K), 0.0050773 secs]
15.653: [GC (Allocation Failure)  174468K->174284K(229888K), 0.0053003 secs]
16.171: [GC (Allocation Failure)  177868K->177940K(229376K), 0.0061894 secs]
16.714: [GC (Allocation Failure)  181524K->181332K(229888K), 0.0064117 secs]
17.244: [GC (Allocation Failure)  184916K->184812K(229888K), 0.0068080 secs]
17.573: [GC (Allocation Failure)  186860K->186924K(231936K), 0.0077710 secs]
17.895: [GC (Allocation Failure)  188972K->188956K(232960K), 0.0072801 secs]
17.983: [GC (Allocation Failure)  189468K->189484K(235008K), 0.0072807 secs]
18.068: [GC (Allocation Failure)  189996K->190108K(236544K), 0.0074216 secs]
18.154: [GC (Allocation Failure)  190620K->190620K(237056K), 0.0072086 secs]
18.233: [GC (Allocation Failure)  191132K->191148K(237568K), 0.0072906 secs]
18.400: [GC (Allocation Failure)  192172K->192132K(213504K), 0.0070487 secs]
18.577: [GC (Allocation Failure)  193156K->193252K(233472K), 0.0078389 secs]
18.841: [GC (Allocation Failure)  194788K->194852K(211456K), 0.0065782 secs]
19.096: [GC (Allocation Failure)  196388K->196452K(230400K), 0.0069820 secs]
19.417: [GC (Allocation Failure)  198500K->198420K(209920K), 0.0078206 secs]
19.777: [GC (Allocation Failure)  200468K->200556K(226816K), 0.0090027 secs]
19.786: [Full GC (Ergonomics)  200556K->198853K(259584K), 0.2196628 secs]
20.424: [GC (Allocation Failure)  201413K->201466K(261632K), 0.0136140 secs]
20.882: [GC (Allocation Failure)  204026K->204130K(259584K), 0.0072404 secs]
21.392: [GC (Allocation Failure)  207202K->207106K(238592K), 0.0076782 secs]
21.939: [GC (Allocation Failure)  210178K->210218K(257024K), 0.0075971 secs]
22.549: [GC (Allocation Failure)  213802K->213770K(241664K), 0.0078912 secs]
23.199: [GC (Allocation Failure)  217354K->217410K(256512K), 0.0084306 secs]
23.918: [GC (Allocation Failure)  221506K->221354K(257024K), 0.0088449 secs]
24.663: [GC (Allocation Failure)  225450K->225386K(256000K), 0.0100233 secs]
25.165: [GC (Allocation Failure)  227946K->227994K(258048K), 0.0101925 secs]
25.637: [GC (Allocation Failure)  230554K->230458K(258560K), 0.0110801 secs]
25.846: [GC (Allocation Failure)  231482K->231482K(260608K), 0.0107823 secs]
26.049: [GC (Allocation Failure)  232506K->232546K(261632K), 0.0106471 secs]
26.161: [GC (Allocation Failure)  233058K->233138K(262656K), 0.0114536 secs]
26.245: [GC (Allocation Failure)  233650K->233530K(262656K), 0.0101874 secs]
26.450: [GC (Allocation Failure)  234554K->234554K(263168K), 0.0099407 secs]
26.656: [GC (Allocation Failure)  235578K->235682K(262144K), 0.0102793 secs]
26.961: [GC (Allocation Failure)  237218K->237258K(247808K), 0.0098190 secs]
27.246: [GC (Allocation Failure)  238794K->238706K(259584K), 0.0104031 secs]
27.653: [GC (Allocation Failure)  240754K->240786K(245760K), 0.0097571 secs]
27.662: [Full GC (Ergonomics)  240786K->239709K(281600K), 0.2128698 secs]
28.250: [GC (Allocation Failure)  241757K->241868K(294912K), 0.0173653 secs]
28.787: [GC (Allocation Failure)  244428K->244460K(295424K), 0.0092226 secs]
29.285: [GC (Allocation Failure)  247020K->246924K(294400K), 0.0088281 secs]
29.916: [GC (Allocation Failure)  249996K->250148K(294912K), 0.0084591 secs]
30.239: [GC (Allocation Failure)  253220K->253042K(294400K), 0.0070169 secs]
31.007: [GC (Allocation Failure)  256626K->256642K(294912K), 0.0068249 secs]
31.750: [GC (Allocation Failure)  260226K->260138K(292864K), 0.0071037 secs]
32.629: [GC (Allocation Failure)  264234K->264194K(293888K), 0.0085381 secs]
33.512: [GC (Allocation Failure)  268290K->268186K(292864K), 0.0079790 secs]
34.292: [GC (Allocation Failure)  271770K->271642K(293888K), 0.0083092 secs]
35.099: [GC (Allocation Failure)  275226K->275306K(293888K), 0.0094383 secs]
35.432: [GC (Allocation Failure)  276842K->276682K(296448K), 0.0091968 secs]
35.784: [GC (Allocation Failure)  278218K->278314K(297472K), 0.0091625 secs]
35.913: [GC (Allocation Failure)  278826K->278882K(299008K), 0.0087623 secs]
36.035: [GC (Allocation Failure)  279394K->279418K(300032K), 0.0088626 secs]
36.155: [GC (Allocation Failure)  279930K->279970K(300544K), 0.0083741 secs]
36.260: [GC (Allocation Failure)  280482K->280474K(297472K), 0.0080144 secs]
36.502: [GC (Allocation Failure)  281498K->281458K(284672K), 0.0092439 secs]
36.512: [Full GC (Ergonomics)  281458K->279516K(324096K), 0.1931965 secs]
36.949: [GC (Allocation Failure)  280540K->280782K(337920K), 0.0208291 secs]
37.302: [GC (Allocation Failure)  282318K->282246K(337920K), 0.0086066 secs]
37.660: [GC (Allocation Failure)  283782K->283870K(337920K), 0.0090655 secs]
38.151: [GC (Allocation Failure)  285918K->285934K(337920K), 0.0091201 secs]
38.626: [GC (Allocation Failure)  287982K->288014K(338432K), 0.0079729 secs]
39.236: [GC (Allocation Failure)  290574K->290598K(338432K), 0.0080712 secs]
39.829: [GC (Allocation Failure)  293158K->293110K(338944K), 0.0074231 secs]
40.564: [GC (Allocation Failure)  296182K->296086K(338944K), 0.0073840 secs]
41.294: [GC (Allocation Failure)  299158K->299126K(337408K), 0.0071770 secs]
42.178: [GC (Allocation Failure)  302710K->302758K(316416K), 0.0077840 secs]
43.053: [GC (Allocation Failure)  306342K->306286K(334848K), 0.0085601 secs]
44.068: [GC (Allocation Failure)  310382K->310238K(336384K), 0.0091180 secs]
44.918: [GC (Allocation Failure)  314334K->313830K(335872K), 0.0099452 secs]
44.931: [GC (Allocation Failure)  317926K->315030K(336384K), 0.0096604 secs]
44.951: [GC (Allocation Failure)  319126K->316286K(337920K), 0.0100594 secs]
44.965: [GC (Allocation Failure)  320894K->317710K(338432K), 0.0099461 secs]
44.975: [Full GC (Ergonomics)  317710K->9061K(100864K), 0.0301530 secs]
45.010: [GC (Allocation Failure)  13669K->10493K(98304K), 0.0008846 secs]
45.013: [GC (Allocation Failure)  12541K->11133K(101888K), 0.0008864 secs]
45.017: [GC (Allocation Failure)  13181K->11785K(103424K), 0.0009534 secs]
45.021: [GC (Allocation Failure)  13321K->12201K(104448K), 0.0010240 secs]
45.024: [GC (Allocation Failure)  13737K->12649K(104448K), 0.0013407 secs]
45.029: [GC (Allocation Failure)  14697K->13257K(57856K), 0.0014687 secs]
45.035: [GC (Allocation Failure)  15305K->13905K(103424K), 0.0013873 secs]
45.041: [GC (Allocation Failure)  16465K->14633K(56832K), 0.0016367 secs]
45.048: [GC (Allocation Failure)  17193K->15528K(100864K), 0.0016006 secs]
45.056: [GC (Allocation Failure)  18600K->16480K(57344K), 0.0012241 secs]
45.064: [GC (Allocation Failure)  19552K->17440K(97280K), 0.0012193 secs]
45.076: [GC (Allocation Failure)  21536K->18656K(56832K), 0.0021234 secs]
45.090: [GC (Allocation Failure)  22752K->19968K(95744K), 0.0018545 secs]
45.107: [GC (Allocation Failure)  25088K->21531K(58368K), 0.0016370 secs]
45.125: [GC (Allocation Failure)  26651K->23131K(92672K), 0.0017016 secs]
45.149: [GC (Allocation Failure)  29275K->25003K(59392K), 0.0022824 secs]
45.175: [GC (Allocation Failure)  31147K->26827K(91136K), 0.0024013 secs]
45.210: [GC (Allocation Failure)  34507K->29174K(61440K), 0.0023500 secs]
45.249: [GC (Allocation Failure)  36854K->31550K(87552K), 0.0022051 secs]
45.294: [GC (Allocation Failure)  40254K->34134K(89600K), 0.0024227 secs]
45.344: [GC (Allocation Failure)  42838K->36766K(85504K), 0.0025618 secs]
45.407: [GC (Allocation Failure)  47006K->39992K(87552K), 0.0022430 secs]
45.489: [GC (Allocation Failure)  50232K->43080K(83456K), 0.0023812 secs]
45.574: [GC (Allocation Failure)  54344K->46416K(85504K), 0.0030266 secs]
45.669: [GC (Allocation Failure)  57680K->49840K(83456K), 0.0032940 secs]
45.778: [GC (Allocation Failure)  62640K->53488K(84480K), 0.0037228 secs]
45.897: [GC (Allocation Failure)  66288K->57541K(84480K), 0.0036892 secs]
46.017: [GC (Allocation Failure)  69829K->61125K(86528K), 0.0045855 secs]
46.359: [GC (Allocation Failure)  73413K->66885K(86528K), 0.0056092 secs]
46.900: [GC (Allocation Failure)  76613K->76581K(90624K), 0.0070517 secs]
47.479: [GC (Allocation Failure)  86309K->86112K(92160K), 0.0089726 secs]
47.488: [Full GC (Ergonomics)  86112K->81200K(138240K), 0.0722075 secs]
47.845: [GC (Allocation Failure)  85296K->85507K(144896K), 0.0121194 secs]
48.143: [GC (Allocation Failure)  89603K->89667K(145920K), 0.0109918 secs]
48.192: [GC (Allocation Failure)  90179K->90147K(150016K), 0.0102787 secs]
48.241: [GC (Allocation Failure)  90659K->90691K(155136K), 0.0107264 secs]
48.282: [GC (Allocation Failure)  91203K->91235K(121344K), 0.0094486 secs]
48.329: [GC (Allocation Failure)  91747K->91891K(150528K), 0.0073762 secs]
48.413: [GC (Allocation Failure)  92915K->92955K(152064K), 0.0042033 secs]
48.417: [Full GC (Ergonomics)  92955K->92316K(205312K), 0.1248362 secs]
48.619: [GC (Allocation Failure)  93340K->93436K(204800K), 0.0010168 secs]
48.752: [GC (Allocation Failure)  94972K->95004K(155136K), 0.0013251 secs]
48.870: [GC (Allocation Failure)  96540K->96548K(201728K), 0.0019675 secs]
49.035: [GC (Allocation Failure)  98596K->98660K(158208K), 0.0020798 secs]
49.199: [GC (Allocation Failure)  100708K->100676K(196608K), 0.0025630 secs]
49.404: [GC (Allocation Failure)  103236K->103108K(162816K), 0.0033394 secs]
49.621: [GC (Allocation Failure)  105668K->105700K(190976K), 0.0043532 secs]
49.902: [GC (Allocation Failure)  108772K->108740K(168960K), 0.0053568 secs]
50.178: [GC (Allocation Failure)  111812K->111844K(192512K), 0.0055599 secs]
50.445: [GC (Allocation Failure)  115428K->115325K(192512K), 0.0046636 secs]
50.788: [GC (Allocation Failure)  118909K->118885K(192000K), 0.0059231 secs]
51.050: [GC (Allocation Failure)  121445K->121445K(193536K), 0.0058555 secs]
51.302: [GC (Allocation Failure)  124005K->123853K(194560K), 0.0060031 secs]
51.409: [GC (Allocation Failure)  124877K->124917K(196608K), 0.0064243 secs]
51.518: [GC (Allocation Failure)  125941K->125949K(198656K), 0.0077494 secs]
51.580: [GC (Allocation Failure)  126461K->126405K(199680K), 0.0065253 secs]
51.638: [GC (Allocation Failure)  126917K->127021K(202240K), 0.0068477 secs]
51.698: [GC (Allocation Failure)  127533K->127565K(202752K), 0.0065923 secs]
51.759: [GC (Allocation Failure)  128077K->128205K(198144K), 0.0063874 secs]
51.875: [GC (Allocation Failure)  129229K->129309K(172032K), 0.0065217 secs]
51.993: [GC (Allocation Failure)  130333K->130421K(198144K), 0.0053030 secs]
52.158: [GC (Allocation Failure)  131957K->131989K(164864K), 0.0053477 secs]
52.319: [GC (Allocation Failure)  133525K->133469K(197120K), 0.0045136 secs]
52.547: [GC (Allocation Failure)  135517K->135557K(166400K), 0.0040296 secs]
52.782: [GC (Allocation Failure)  137605K->137613K(193536K), 0.0047117 secs]
53.083: [GC (Allocation Failure)  140173K->140213K(171520K), 0.0054767 secs]
53.368: [GC (Allocation Failure)  142773K->142621K(190464K), 0.0062368 secs]
53.728: [GC (Allocation Failure)  145693K->145829K(175104K), 0.0072542 secs]
54.114: [GC (Allocation Failure)  148901K->148901K(190464K), 0.0073065 secs]
54.543: [GC (Allocation Failure)  152485K->152389K(190976K), 0.0073597 secs]
54.997: [GC (Allocation Failure)  155973K->156037K(190464K), 0.0082851 secs]
55.329: [GC (Allocation Failure)  158597K->158509K(192000K), 0.0086541 secs]
55.671: [GC (Allocation Failure)  161069K->161109K(191488K), 0.0096445 secs]
55.745: [GC (Allocation Failure)  161621K->161629K(194048K), 0.0089182 secs]
55.822: [GC (Allocation Failure)  162141K->162173K(195584K), 0.0090534 secs]
55.896: [GC (Allocation Failure)  162685K->162709K(196096K), 0.0091006 secs]
55.973: [GC (Allocation Failure)  163221K->163205K(195584K), 0.0100624 secs]
56.118: [GC (Allocation Failure)  164229K->164325K(178176K), 0.0086842 secs]
56.254: [GC (Allocation Failure)  165349K->165301K(193536K), 0.0078080 secs]
56.463: [GC (Allocation Failure)  166837K->166957K(194560K), 0.0071566 secs]
56.470: [Full GC (Ergonomics)  166957K->165000K(251392K), 0.1906062 secs]
56.865: [GC (Allocation Failure)  166536K->166685K(251392K), 0.0118854 secs]
57.030: [GC (Allocation Failure)  168733K->168799K(251392K), 0.0047315 secs]
57.313: [GC (Allocation Failure)  170847K->170799K(251392K), 0.0039968 secs]
57.673: [GC (Allocation Failure)  173359K->173359K(251904K), 0.0036453 secs]
58.035: [GC (Allocation Failure)  175919K->175919K(248832K), 0.0041759 secs]
58.476: [GC (Allocation Failure)  178991K->178871K(231424K), 0.0051792 secs]
58.924: [GC (Allocation Failure)  181943K->181951K(247808K), 0.0056350 secs]
59.461: [GC (Allocation Failure)  185535K->185567K(248320K), 0.0058351 secs]
60.001: [GC (Allocation Failure)  189151K->189071K(248320K), 0.0059724 secs]
60.559: [GC (Allocation Failure)  192655K->192623K(248832K), 0.0066247 secs]
61.125: [GC (Allocation Failure)  196207K->196191K(248320K), 0.0071058 secs]
61.367: [GC (Allocation Failure)  197727K->197687K(250880K), 0.0074489 secs]
61.629: [GC (Allocation Failure)  199223K->199287K(251904K), 0.0080409 secs]
61.719: [GC (Allocation Failure)  199799K->199775K(253440K), 0.0070959 secs]
61.806: [GC (Allocation Failure)  200287K->200375K(254976K), 0.0074438 secs]
61.896: [GC (Allocation Failure)  200887K->200831K(255488K), 0.0079177 secs]
61.985: [GC (Allocation Failure)  201343K->201439K(255488K), 0.0077461 secs]
62.158: [GC (Allocation Failure)  202463K->202559K(237568K), 0.0098238 secs]
62.323: [GC (Allocation Failure)  203583K->203559K(252928K), 0.0085165 secs]
62.587: [GC (Allocation Failure)  205095K->205159K(253952K), 0.0075601 secs]
62.861: [GC (Allocation Failure)  206695K->206775K(252928K), 0.0074129 secs]
63.215: [GC (Allocation Failure)  208823K->208823K(232448K), 0.0077458 secs]
63.556: [GC (Allocation Failure)  210871K->210783K(249856K), 0.0070066 secs]
64.011: [GC (Allocation Failure)  213343K->213375K(233984K), 0.0082139 secs]
64.451: [GC (Allocation Failure)  215935K->215855K(249856K), 0.0077722 secs]
65.004: [GC (Allocation Failure)  218927K->218999K(232960K), 0.0080048 secs]
65.545: [GC (Allocation Failure)  222071K->222007K(247808K), 0.0078807 secs]
66.200: [GC (Allocation Failure)  225591K->225631K(237056K), 0.0080991 secs]
66.852: [GC (Allocation Failure)  229215K->229167K(248320K), 0.0084158 secs]
67.621: [GC (Allocation Failure)  233263K->233199K(248320K), 0.0089774 secs]
68.389: [GC (Allocation Failure)  237295K->237223K(248320K), 0.0099813 secs]
68.894: [GC (Allocation Failure)  239783K->239863K(250368K), 0.0104981 secs]
68.905: [Full GC (Ergonomics)  239863K->237550K(313344K), 0.1922152 secs]
69.590: [GC (Allocation Failure)  240110K->240221K(315904K), 0.0184620 secs]
70.108: [GC (Allocation Failure)  242781K->242781K(316416K), 0.0098199 secs]
70.619: [GC (Allocation Failure)  245341K->245213K(316416K), 0.0109731 secs]
70.932: [GC (Allocation Failure)  246749K->246749K(317952K), 0.0106967 secs]
71.249: [GC (Allocation Failure)  248285K->248261K(318976K), 0.0128003 secs]
71.349: [GC (Allocation Failure)  248773K->248717K(320512K), 0.0113998 secs]
71.463: [GC (Allocation Failure)  249229K->249253K(322048K), 0.0108605 secs]
71.685: [GC (Allocation Failure)  250277K->250365K(304640K), 0.0109539 secs]
71.905: [GC (Allocation Failure)  252796K->252876K(320000K), 0.0098899 secs]
72.225: [GC (Allocation Failure)  254412K->254500K(320512K), 0.0092385 secs]
72.539: [GC (Allocation Failure)  256036K->255948K(321024K), 0.0069703 secs]
72.867: [GC (Allocation Failure)  257484K->257532K(321536K), 0.0064252 secs]
73.189: [GC (Allocation Failure)  259068K->259100K(321024K), 0.0059502 secs]
73.608: [GC (Allocation Failure)  261148K->261020K(293888K), 0.0070887 secs]
74.054: [GC (Allocation Failure)  263068K->263076K(317952K), 0.0069024 secs]
74.595: [GC (Allocation Failure)  265636K->265540K(296448K), 0.0079543 secs]
75.157: [GC (Allocation Failure)  268100K->268180K(315904K), 0.0078083 secs]
75.824: [GC (Allocation Failure)  271252K->271220K(297984K), 0.0078783 secs]
76.482: [GC (Allocation Failure)  274292K->274204K(313856K), 0.0081015 secs]
77.265: [GC (Allocation Failure)  277788K->277652K(301568K), 0.0090267 secs]
78.111: [GC (Allocation Failure)  281236K->281228K(314880K), 0.0090264 secs]
79.076: [GC (Allocation Failure)  285324K->285220K(314880K), 0.0097875 secs]
80.032: [GC (Allocation Failure)  289316K->289244K(314880K), 0.0107310 secs]
80.624: [GC (Allocation Failure)  291804K->291780K(316928K), 0.0112381 secs]
81.250: [GC (Allocation Failure)  294340K->294308K(317440K), 0.0116324 secs]
81.483: [GC (Allocation Failure)  295332K->295260K(319488K), 0.0109827 secs]
81.736: [GC (Allocation Failure)  296284K->296364K(320512K), 0.0113707 secs]
81.881: [GC (Allocation Failure)  296876K->296892K(321536K), 0.0106961 secs]
82.019: [GC (Allocation Failure)  297404K->297444K(321024K), 0.0114842 secs]
82.278: [GC (Allocation Failure)  298468K->298476K(304128K), 0.0109779 secs]
82.289: [Full GC (Ergonomics)  298476K->296087K(371712K), 0.2142195 secs]
82.730: [GC (Allocation Failure)  297111K->297263K(387072K), 0.0194668 secs]
83.132: [GC (Allocation Failure)  298799K->298823K(387584K), 0.0096081 secs]
83.492: [GC (Allocation Failure)  300359K->300263K(386560K), 0.0083606 secs]
83.998: [GC (Allocation Failure)  302311K->302399K(387072K), 0.0082253 secs]
84.507: [GC (Allocation Failure)  304447K->304287K(386560K), 0.0072386 secs]
85.159: [GC (Allocation Failure)  306847K->306911K(367104K), 0.0079141 secs]
85.789: [GC (Allocation Failure)  309471K->309399K(385024K), 0.0085550 secs]
86.569: [GC (Allocation Failure)  312471K->312399K(365056K), 0.0084952 secs]
86.762: [GC (Allocation Failure)  315471K->315503K(382976K), 0.0079925 secs]
86.783: [GC (Allocation Failure)  319087K->319143K(384000K), 0.0079799 secs]
86.814: [GC (Allocation Failure)  322727K->322691K(381952K), 0.0081989 secs]
86.867: [GC (Allocation Failure)  327299K->327350K(382976K), 0.0080111 secs]
86.937: [GC (Allocation Failure)  331958K->331929K(382976K), 0.0081385 secs]
87.024: [GC (Allocation Failure)  336537K->336530K(384000K), 0.0089038 secs]
87.129: [GC (Allocation Failure)  341138K->341178K(385536K), 0.0091159 secs]
87.261: [GC (Allocation Failure)  345786K->345858K(386560K), 0.0098034 secs]
87.396: [GC (Allocation Failure)  350466K->350344K(388608K), 0.0085255 secs]
87.600: [GC (Allocation Failure)  355976K->356088K(388608K), 0.0083930 secs]
87.819: [GC (Allocation Failure)  361720K->361808K(386560K), 0.0081235 secs]
87.827: [Full GC (Ergonomics)  361808K->49941K(176128K), 0.0579383 secs]
88.152: [GC (Allocation Failure)  56597K->56747K(177664K), 0.0024987 secs]
88.477: [GC (Allocation Failure)  63403K->63307K(181248K), 0.0029055 secs]
88.869: [GC (Allocation Failure)  70475K->70411K(181760K), 0.0041552 secs]
89.276: [GC (Allocation Failure)  77579K->77462K(182272K), 0.0060593 secs]
89.818: [GC (Allocation Failure)  85654K->85662K(182272K), 0.0048036 secs]
90.407: [GC (Allocation Failure)  93854K->93758K(178688K), 0.0045422 secs]
91.146: [GC (Allocation Failure)  102974K->102942K(180736K), 0.0064324 secs]
91.956: [GC (Allocation Failure)  112158K->112102K(178688K), 0.0085847 secs]
92.489: [GC (Allocation Failure)  118246K->117727K(182784K), 0.0085622 secs]
93.097: [GC (Allocation Failure)  123871K->123847K(182784K), 0.0116928 secs]
93.161: [GC (Allocation Failure)  124359K->124367K(189440K), 0.0100630 secs]
93.226: [GC (Allocation Failure)  124879K->125087K(193536K), 0.0103839 secs]
93.328: [GC (Allocation Failure)  126111K->126151K(152064K), 0.0076911 secs]
93.443: [GC (Allocation Failure)  127175K->127343K(192512K), 0.0051897 secs]
93.449: [Full GC (Ergonomics)  127343K->125944K(284672K), 0.2065407 secs]
93.707: [GC (Allocation Failure)  126456K->126616K(285696K), 0.0009309 secs]
93.761: [GC (Allocation Failure)  127128K->127064K(287232K), 0.0012629 secs]
93.816: [GC (Allocation Failure)  127576K->127576K(287744K), 0.0017466 secs]
93.876: [GC (Allocation Failure)  128088K->128136K(286208K), 0.0015754 secs]
93.986: [GC (Allocation Failure)  129160K->129192K(222208K), 0.0018329 secs]
94.095: [GC (Allocation Failure)  130216K->130320K(282624K), 0.0015183 secs]
94.260: [GC (Allocation Failure)  131856K->131792K(224256K), 0.0015558 secs]
94.419: [GC (Allocation Failure)  133328K->133200K(278016K), 0.0019188 secs]
94.646: [GC (Allocation Failure)  135248K->135280K(227840K), 0.0026592 secs]
94.873: [GC (Allocation Failure)  137328K->137360K(270848K), 0.0034635 secs]
95.170: [GC (Allocation Failure)  139920K->139888K(232960K), 0.0039043 secs]
95.458: [GC (Allocation Failure)  142448K->142352K(265216K), 0.0049193 secs]
95.824: [GC (Allocation Failure)  145424K->145392K(239104K), 0.0052303 secs]
96.200: [GC (Allocation Failure)  148464K->148496K(265728K), 0.0059896 secs]
96.638: [GC (Allocation Failure)  152080K->152024K(266240K), 0.0065334 secs]
97.095: [GC (Allocation Failure)  155608K->155520K(265728K), 0.0079213 secs]
97.426: [GC (Allocation Failure)  158080K->157984K(267264K), 0.0079796 secs]
97.765: [GC (Allocation Failure)  160544K->160584K(266752K), 0.0084342 secs]
97.839: [GC (Allocation Failure)  161096K->161072K(269312K), 0.0087259 secs]
97.915: [GC (Allocation Failure)  161584K->161664K(271360K), 0.0086364 secs]
97.988: [GC (Allocation Failure)  162176K->162248K(247296K), 0.0085471 secs]
98.062: [GC (Allocation Failure)  162760K->162768K(267264K), 0.0079285 secs]
98.217: [GC (Allocation Failure)  163792K->163872K(239104K), 0.0071599 secs]
98.348: [GC (Allocation Failure)  164896K->164832K(266240K), 0.0060097 secs]
98.557: [GC (Allocation Failure)  166368K->166464K(266752K), 0.0047108 secs]
98.774: [GC (Allocation Failure)  168000K->168088K(265728K), 0.0033731 secs]
98.927: [GC (Allocation Failure)  170136K->170202K(229888K), 0.0028256 secs]
99.208: [GC (Allocation Failure)  172250K->172234K(263680K), 0.0030353 secs]
99.560: [GC (Allocation Failure)  174794K->174682K(231936K), 0.0033439 secs]
99.928: [GC (Allocation Failure)  177242K->177338K(259584K), 0.0038643 secs]
100.380: [GC (Allocation Failure)  180410K->180250K(238080K), 0.0045458 secs]
100.852: [GC (Allocation Failure)  183322K->183322K(258048K), 0.0046885 secs]
101.403: [GC (Allocation Failure)  186906K->186778K(259072K), 0.0047378 secs]
101.954: [GC (Allocation Failure)  190362K->190426K(258048K), 0.0056086 secs]
102.358: [GC (Allocation Failure)  192986K->192794K(259584K), 0.0069330 secs]
